// Jest Snapshot v1, https://goo.gl/fbAQLP

exports[`Probando GifItem Esta prueba debe hacer match con su snapshot 1`] = `
<div>
  <div
    classname="card"
  >
    <img
      alt="Saitama"
      src="https://one-punch.com/saitana.jpg"
    />
    <p>
      Saitama
    </p>
  </div>
</div>
`;
